example/scenes/scene-condition.ts(18,12): error TS7031: Binding element 'likeability' implicitly has an 'any' type.
example/scenes/scene-condition.ts(30,31): error TS7031: Binding element '_tries' implicitly has an 'any' type.
example/scenes/scene-condition.ts(41,12): error TS7031: Binding element 'likeability' implicitly has an 'any' type.
example/scenes/scene-condition.ts(41,25): error TS7031: Binding element 'endingReached' implicitly has an 'any' type.
src/cmds/character.ts(50,56): error TS2339: Property 'position' does not exist on type 'Omit<CharacterCmd<any>, "type">'.
src/cmds/character.ts(50,70): error TS2339: Property 'image' does not exist on type 'Omit<CharacterCmd<any>, "type">'.
src/cmds/character.ts(51,13): error TS2339: Property 'focus' does not exist on type 'Omit<CharacterCmd<any>, "type">'.
src/cmds/character.ts(54,20): error TS2339: Property 'focus' does not exist on type 'Omit<CharacterCmd<any>, "type">'.
src/cmds/character.ts(54,45): error TS2339: Property 'focus' does not exist on type 'Omit<CharacterCmd<any>, "type">'.
src/cmds/effect.ts(22,44): error TS2339: Property 'rate' does not exist on type 'Omit<EffectCmd<any>, "type">'.
src/cmds/effect.ts(24,47): error TS2339: Property 'duration' does not exist on type 'Omit<EffectCmd<any>, "type">'.
src/core/Scene.ts(152,56): error TS2339: Property 'text' does not exist on type '({ type: string; } & { skip?: boolean | undefined; }) | (DialogueCmd<any> & { skip?: boolean | undefined; })'.
  Property 'text' does not exist on type '{ type: string; } & { skip?: boolean | undefined; }'.
src/core/Scene.ts(153,36): error TS2339: Property 'text' does not exist on type '({ type: string; } & { skip?: boolean | undefined; }) | (DialogueCmd<any> & { skip?: boolean | undefined; })'.
  Property 'text' does not exist on type '{ type: string; } & { skip?: boolean | undefined; }'.
src/core/Scene.ts(155,26): error TS2339: Property 'text' does not exist on type '({ type: string; } & { skip?: boolean | undefined; }) | (DialogueCmd<any> & { skip?: boolean | undefined; })'.
  Property 'text' does not exist on type '{ type: string; } & { skip?: boolean | undefined; }'.
src/core/Scene.ts(157,40): error TS2339: Property 'speaker' does not exist on type '({ type: string; } & { skip?: boolean | undefined; }) | (DialogueCmd<any> & { skip?: boolean | undefined; })'.
  Property 'speaker' does not exist on type '{ type: string; } & { skip?: boolean | undefined; }'.
src/core/Scene.ts(157,90): error TS2339: Property 'speed' does not exist on type '({ type: string; } & { skip?: boolean | undefined; }) | (DialogueCmd<any> & { skip?: boolean | undefined; })'.
  Property 'speed' does not exist on type '{ type: string; } & { skip?: boolean | undefined; }'.
src/core/Scene.ts(294,41): error TS2339: Property 'text' does not exist on type '({ type: string; } & { skip?: boolean | undefined; }) | (DialogueCmd<any> & { skip?: boolean | undefined; })'.
  Property 'text' does not exist on type '{ type: string; } & { skip?: boolean | undefined; }'.
src/core/Scene.ts(294,57): error TS2339: Property 'text' does not exist on type '({ type: string; } & { skip?: boolean | undefined; }) | (DialogueCmd<any> & { skip?: boolean | undefined; })'.
  Property 'text' does not exist on type '{ type: string; } & { skip?: boolean | undefined; }'.
src/core/Scene.ts(294,91): error TS2339: Property 'text' does not exist on type '({ type: string; } & { skip?: boolean | undefined; }) | (DialogueCmd<any> & { skip?: boolean | undefined; })'.
  Property 'text' does not exist on type '{ type: string; } & { skip?: boolean | undefined; }'.
src/core/Scene.ts(362,37): error TS2339: Property 'text' does not exist on type '({ type: string; } & { skip?: boolean | undefined; }) | (DialogueCmd<any> & { skip?: boolean | undefined; })'.
  Property 'text' does not exist on type '{ type: string; } & { skip?: boolean | undefined; }'.
src/core/Scene.ts(362,49): error TS2339: Property 'text' does not exist on type '({ type: string; } & { skip?: boolean | undefined; }) | (DialogueCmd<any> & { skip?: boolean | undefined; })'.
  Property 'text' does not exist on type '{ type: string; } & { skip?: boolean | undefined; }'.
src/core/Scene.ts(362,79): error TS2339: Property 'text' does not exist on type '({ type: string; } & { skip?: boolean | undefined; }) | (DialogueCmd<any> & { skip?: boolean | undefined; })'.
  Property 'text' does not exist on type '{ type: string; } & { skip?: boolean | undefined; }'.
src/core/Scene.ts(364,37): error TS2339: Property 'speaker' does not exist on type '({ type: string; } & { skip?: boolean | undefined; }) | (DialogueCmd<any> & { skip?: boolean | undefined; })'.
  Property 'speaker' does not exist on type '{ type: string; } & { skip?: boolean | undefined; }'.
src/core/Scene.ts(364,86): error TS2339: Property 'speed' does not exist on type '({ type: string; } & { skip?: boolean | undefined; }) | (DialogueCmd<any> & { skip?: boolean | undefined; })'.
  Property 'speed' does not exist on type '{ type: string; } & { skip?: boolean | undefined; }'.
src/core/Scene.ts(367,35): error TS2339: Property 'choices' does not exist on type '({ type: string; } & { skip?: boolean | undefined; }) | (ChoiceCmd<any, any> & { skip?: boolean | undefined; })'.
  Property 'choices' does not exist on type '{ type: string; } & { skip?: boolean | undefined; }'.
